../Core/Src/main.c:62:9:BCD2Decimal	24	static
../Core/Src/main.c:68:9:Decimal2BCD	24	static
../Core/Src/main.c:96:6:setRTC	32	static
../Core/Src/main.c:108:12:getRTC	48	static
../Core/Src/main.c:126:6:writeRAM	32	static
../Core/Src/main.c:133:9:readRAM	40	static
../Core/Src/main.c:139:6:writeEEPROM	32	static
../Core/Src/main.c:145:10:readEEPROM	40	static
../Core/Src/main.c:151:6:write2ByteEEPROM	32	static
../Core/Src/main.c:156:10:read2ByteEEPROM	40	static
../Core/Src/main.c:162:6:write4ByteEEPROM	32	static
../Core/Src/main.c:167:10:read4ByteEEPROM	40	static
../Core/Src/main.c:178:5:main	40	static
../Core/Src/main.c:251:6:SystemClock_Config	88	static
../Core/Src/main.c:293:13:MX_I2C1_Init	8	static
../Core/Src/main.c:327:13:MX_USART2_UART_Init	8	static
../Core/Src/main.c:360:13:MX_GPIO_Init	16	static
../Core/Src/main.c:381:6:Error_Handler	4	static,ignoring_inline_asm
